../Core/Src/main.c:68:6:Servo_SetPulse	16	static
../Core/Src/main.c:74:10:AngleToPulse	16	static
../Core/Src/main.c:80:6:SetServoAngle	16	static
../Core/Src/main.c:90:5:main	24	static
../Core/Src/main.c:160:6:SystemClock_Config	88	static
../Core/Src/main.c:208:13:MX_DAC_Init	16	static
../Core/Src/main.c:248:13:MX_SPI2_Init	8	static
../Core/Src/main.c:285:13:MX_TIM2_Init	64	static
../Core/Src/main.c:344:13:MX_UART4_Init	8	static
../Core/Src/main.c:377:13:MX_GPIO_Init	48	static
../Core/Src/main.c:425:6:Error_Handler	4	static,ignoring_inline_asm
