../Core/Src/main.c:70:6:Servo_SetPulse	16	static
../Core/Src/main.c:78:10:AngleToPulse	16	static
../Core/Src/main.c:86:6:SetServoAngle	16	static
../Core/Src/main.c:96:5:main	32	static
../Core/Src/main.c:171:6:SystemClock_Config	88	static
../Core/Src/main.c:218:13:MX_DAC_Init	16	static
../Core/Src/main.c:257:13:MX_SPI2_Init	8	static
../Core/Src/main.c:293:13:MX_TIM2_Init	64	static
../Core/Src/main.c:351:13:MX_UART4_Init	8	static
../Core/Src/main.c:383:13:MX_GPIO_Init	48	static
../Core/Src/main.c:431:6:Error_Handler	4	static,ignoring_inline_asm
